// Jest Snapshot v1, https://goo.gl/fbAQLP

exports[`storage should set session storage 1`] = `
Array [
  "https://test-image-url",
]
`;
